---
source: crates/move-transactional-test-runner/src/framework.rs
---
processed 3 tasks

task 0, lines 1-51:
//# publish
Error: Unable to publish module '0000000000000000000000000000000000000000000000000000000000000006::M'. Got VMError: {
    major_status: LOOP_IN_INSTANTIATION_GRAPH,
    sub_status: None,
    location: 0x6::M,
    indices: [],
    offsets: [],
    message: "edges with constructors: [f1#1 --StructInstantiation(DatatypeHandleIndex(0), [TypeParameter(1)])--> f2#0], nodes: [f3#0, f2#1, f2#0, f1#1]",
}

task 1, lines 53-70:
//# publish
Error: Unable to publish module '0000000000000000000000000000000000000000000000000000000000000007::M2'. Got VMError: {
    major_status: LOOP_IN_INSTANTIATION_GRAPH,
    sub_status: None,
    location: 0x7::M2,
    indices: [],
    offsets: [],
    message: "edges with constructors: [f1#0 --StructInstantiation(DatatypeHandleIndex(0), [TypeParameter(0)])--> f0#0], nodes: [f1#0, f0#0]",
}

task 2, lines 72-122:
//# publish
Error: Unable to publish module '0000000000000000000000000000000000000000000000000000000000000008::M3'. Got VMError: {
    major_status: LOOP_IN_INSTANTIATION_GRAPH,
    sub_status: None,
    location: 0x8::M3,
    indices: [],
    offsets: [],
    message: "edges with constructors: [f1#1 --StructInstantiation(DatatypeHandleIndex(0), [TypeParameter(1)])--> f2#0], nodes: [f3#0, f2#1, f2#0, f1#1]",
}
