---
source: crates/move-transactional-test-runner/src/framework.rs
---
processed 1 task

task 0, lines 1-23:
//# publish
Error: Unable to publish module '0000000000000000000000000000000000000000000000000000000000000006::M'. Got VMError: {
    major_status: LOOP_IN_INSTANTIATION_GRAPH,
    sub_status: None,
    location: 0x6::M,
    indices: [],
    offsets: [],
    message: "edges with constructors: [f1#2 --StructInstantiation(DatatypeHandleIndex(0), [TypeParameter(2)])--> f2#2], nodes: [f2#1, f1#1, f0#2, f2#2, f1#2, f0#0, f2#0, f1#0, f0#1]",
}
