---
source: crates/move-transactional-test-runner/src/framework.rs
---
processed 1 task

task 0, lines 1-11:
//# publish
Error: Unable to publish module '0000000000000000000000000000000000000000000000000000000000000001::M'. Got VMError: {
    major_status: LOOP_IN_INSTANTIATION_GRAPH,
    sub_status: None,
    location: 0x1::M,
    indices: [],
    offsets: [],
    message: "edges with constructors: [f0#0 --StructInstantiation(DatatypeHandleIndex(0), [StructInstantiation(DatatypeHandleIndex(0), [TypeParameter(0)])])--> f0#0], nodes: [f0#0]",
}
