---
source: crates/sui-move/tests/cli_tests.rs
info:
  program: bash
  args:
    - gitignore_exists.sh
  env:
    PATH: "/bin:/usr/bin:../bin"
---
success: true
exit_code: 0
----- stdout -----
existing_ignore
build/*

----- stderr -----
