---
source: crates/sui-move/tests/cli_tests.rs
info:
  program: bash
  args:
    - echo.sh
  env:
    PATH: "/bin:/usr/bin:../bin"
---
success: true
exit_code: 0
----- stdout -----
hello world
output.txt
file
../bin/sui-move

----- stderr -----
