---
source: crates/sui-move/tests/cli_tests.rs
description: tests/tests/new_tests/new_then_build.sh
---
success: true
exit_code: 0
----- stdout -----
UPDATING GIT DEPENDENCY https://github.com/MystenLabs/sui.git
  ... snip ...
INCLUDING DEPENDENCY Sui
INCLUDING DEPENDENCY MoveStdlib
BUILDING example

----- stderr -----
