---
source: crates/sui-move/tests/cli_tests.rs
description: tests/tests/dummy/dummy.sh
---
success: true
exit_code: 0
----- stdout -----
dummy test
sui-move is in the path
some dummy data

----- stderr -----
