---
source: crates/sui-move/tests/cli_tests.rs
info:
  program: bash
  args:
    - /Users/mdgeorge/Mysten/move-tests-shell/crates/sui-move/tests/tests/bar/test.sh
  env:
    PATH: "/bin:/usr/bin:/Users/mdgeorge/Mysten/move-tests-shell/target/debug"
---
success: true
exit_code: 0
----- stdout -----
foo

----- stderr -----
