---
source: crates/sui-move/tests/cli_tests.rs
description: tests/tests/new_tests/new_then_test.sh
---
success: true
exit_code: 0
----- stdout -----

----- stderr -----
