---
source: crates/sui-move/tests/new_tests.rs
expression: "paths.iter().map(|p| p.strip_prefix(proj.path()).unwrap()).collect::<Vec<_>>()"
---
- ""
- foo
- foo/bar.txt
- foo/baz
- foo/baz/baz.txt
- qux.txt
