---
source: crates/sui-move/tests/new_tests.rs
expression: "recursive_paths(proj.path().join(\"example\"))"
---
- ""
- ".gitignore"
- Move.toml
- sources
- sources/example.move
- tests
- tests/example_tests.move
