---
source: crates/move-transactional-test-runner/src/framework.rs
---
processed 35 tasks

task 6, lines 182-188:
//# run
Error: Function execution failed with VMError: {
    major_status: ARITHMETIC_ERROR,
    sub_status: None,
    location: 0x7::m,
    indices: [],
    offsets: [(FunctionDefinitionIndex(0), 1)],
    message: "Cannot cast u64(256) to u8",
}

task 7, lines 190-196:
//# run
Error: Function execution failed with VMError: {
    major_status: ARITHMETIC_ERROR,
    sub_status: None,
    location: 0x8::m,
    indices: [],
    offsets: [(FunctionDefinitionIndex(0), 1)],
    message: "Cannot cast u64(303) to u8",
}

task 8, lines 198-204:
//# run
Error: Function execution failed with VMError: {
    major_status: ARITHMETIC_ERROR,
    sub_status: None,
    location: 0x9::m,
    indices: [],
    offsets: [(FunctionDefinitionIndex(0), 1)],
    message: "Cannot cast u128(256) to u8",
}

task 9, lines 206-212:
//# run
Error: Function execution failed with VMError: {
    major_status: ARITHMETIC_ERROR,
    sub_status: None,
    location: 0xa::m,
    indices: [],
    offsets: [(FunctionDefinitionIndex(0), 1)],
    message: "Cannot cast u128(56432) to u8",
}

task 10, lines 214-220:
//# run
Error: Function execution failed with VMError: {
    major_status: ARITHMETIC_ERROR,
    sub_status: None,
    location: 0xb::m,
    indices: [],
    offsets: [(FunctionDefinitionIndex(0), 1)],
    message: "Cannot cast u64(18446744073709551615) to u8",
}

task 11, lines 222-228:
//# run
Error: Function execution failed with VMError: {
    major_status: ARITHMETIC_ERROR,
    sub_status: None,
    location: 0xc::m,
    indices: [],
    offsets: [(FunctionDefinitionIndex(0), 1)],
    message: "Cannot cast u128(340282366920938463463374607431768211455) to u8",
}

task 12, lines 230-236:
//# run
Error: Function execution failed with VMError: {
    major_status: ARITHMETIC_ERROR,
    sub_status: None,
    location: 0xd::m,
    indices: [],
    offsets: [(FunctionDefinitionIndex(0), 1)],
    message: "Cannot cast u16(2561) to u8",
}

task 13, lines 238-244:
//# run
Error: Function execution failed with VMError: {
    major_status: ARITHMETIC_ERROR,
    sub_status: None,
    location: 0xe::m,
    indices: [],
    offsets: [(FunctionDefinitionIndex(0), 1)],
    message: "Cannot cast u16(65532) to u8",
}

task 14, lines 246-252:
//# run
Error: Function execution failed with VMError: {
    major_status: ARITHMETIC_ERROR,
    sub_status: None,
    location: 0xf::m,
    indices: [],
    offsets: [(FunctionDefinitionIndex(0), 1)],
    message: "Cannot cast u32(256123) to u8",
}

task 15, lines 254-262:
//# run
Error: Function execution failed with VMError: {
    major_status: ARITHMETIC_ERROR,
    sub_status: None,
    location: 0x10::m,
    indices: [],
    offsets: [(FunctionDefinitionIndex(0), 1)],
    message: "Cannot cast u256(11579208923731619542357098500868790785326998466564056403945758400791312963993) to u8",
}

task 16, lines 263-269:
//# run
Error: Function execution failed with VMError: {
    major_status: ARITHMETIC_ERROR,
    sub_status: None,
    location: 0x11::m,
    indices: [],
    offsets: [(FunctionDefinitionIndex(0), 1)],
    message: "Cannot cast u64(256343532) to u16",
}

task 17, lines 271-277:
//# run
Error: Function execution failed with VMError: {
    major_status: ARITHMETIC_ERROR,
    sub_status: None,
    location: 0x12::m,
    indices: [],
    offsets: [(FunctionDefinitionIndex(0), 1)],
    message: "Cannot cast u64(3564603) to u16",
}

task 18, lines 279-285:
//# run
Error: Function execution failed with VMError: {
    major_status: ARITHMETIC_ERROR,
    sub_status: None,
    location: 0x13::m,
    indices: [],
    offsets: [(FunctionDefinitionIndex(0), 1)],
    message: "Cannot cast u128(256666765790535666) to u16",
}

task 19, lines 287-293:
//# run
Error: Function execution failed with VMError: {
    major_status: ARITHMETIC_ERROR,
    sub_status: None,
    location: 0x14::m,
    indices: [],
    offsets: [(FunctionDefinitionIndex(0), 1)],
    message: "Cannot cast u128(256765735666) to u16",
}

task 20, lines 295-301:
//# run
Error: Function execution failed with VMError: {
    major_status: ARITHMETIC_ERROR,
    sub_status: None,
    location: 0x15::m,
    indices: [],
    offsets: [(FunctionDefinitionIndex(0), 1)],
    message: "Cannot cast u64(18446744073709551615) to u16",
}

task 21, lines 303-309:
//# run
Error: Function execution failed with VMError: {
    major_status: ARITHMETIC_ERROR,
    sub_status: None,
    location: 0x16::m,
    indices: [],
    offsets: [(FunctionDefinitionIndex(0), 1)],
    message: "Cannot cast u128(340282366920938463463374607431768211455) to u16",
}

task 22, lines 311-317:
//# run
Error: Function execution failed with VMError: {
    major_status: ARITHMETIC_ERROR,
    sub_status: None,
    location: 0x17::m,
    indices: [],
    offsets: [(FunctionDefinitionIndex(0), 1)],
    message: "Cannot cast u32(429496729) to u16",
}

task 23, lines 319-325:
//# run
Error: Function execution failed with VMError: {
    major_status: ARITHMETIC_ERROR,
    sub_status: None,
    location: 0x18::m,
    indices: [],
    offsets: [(FunctionDefinitionIndex(0), 1)],
    message: "Cannot cast u32(42949629) to u16",
}

task 24, lines 327-335:
//# run
Error: Function execution failed with VMError: {
    major_status: ARITHMETIC_ERROR,
    sub_status: None,
    location: 0x19::m,
    indices: [],
    offsets: [(FunctionDefinitionIndex(0), 1)],
    message: "Cannot cast u256(115792089237316195423570985008687907853269984665640564039457584007913129639) to u16",
}

task 25, lines 336-342:
//# run
Error: Function execution failed with VMError: {
    major_status: ARITHMETIC_ERROR,
    sub_status: None,
    location: 0x1a::m,
    indices: [],
    offsets: [(FunctionDefinitionIndex(0), 1)],
    message: "Cannot cast u64(4294967295644) to u32",
}

task 27, lines 352-358:
//# run
Error: Function execution failed with VMError: {
    major_status: ARITHMETIC_ERROR,
    sub_status: None,
    location: 0x1c::m,
    indices: [],
    offsets: [(FunctionDefinitionIndex(0), 1)],
    message: "Cannot cast u128(256666765790535666) to u32",
}

task 28, lines 360-366:
//# run
Error: Function execution failed with VMError: {
    major_status: ARITHMETIC_ERROR,
    sub_status: None,
    location: 0x1d::m,
    indices: [],
    offsets: [(FunctionDefinitionIndex(0), 1)],
    message: "Cannot cast u128(25676573566896) to u32",
}

task 29, lines 368-374:
//# run
Error: Function execution failed with VMError: {
    major_status: ARITHMETIC_ERROR,
    sub_status: None,
    location: 0x1e::m,
    indices: [],
    offsets: [(FunctionDefinitionIndex(0), 1)],
    message: "Cannot cast u64(18446744073709551615) to u32",
}

task 30, lines 376-382:
//# run
Error: Function execution failed with VMError: {
    major_status: ARITHMETIC_ERROR,
    sub_status: None,
    location: 0x1f::m,
    indices: [],
    offsets: [(FunctionDefinitionIndex(0), 1)],
    message: "Cannot cast u128(340282366920938463463374607431768211455) to u32",
}

task 31, lines 384-392:
//# run
Error: Function execution failed with VMError: {
    major_status: ARITHMETIC_ERROR,
    sub_status: None,
    location: 0x20::m,
    indices: [],
    offsets: [(FunctionDefinitionIndex(0), 1)],
    message: "Cannot cast u256(115792089237316195423570985008687907853269984665640564039457584007913129639) to u32",
}

task 32, lines 393-399:
//# run
Error: Function execution failed with VMError: {
    major_status: ARITHMETIC_ERROR,
    sub_status: None,
    location: 0x21::m,
    indices: [],
    offsets: [(FunctionDefinitionIndex(0), 1)],
    message: "Cannot cast u128(18446744073709551616) to u64",
}

task 33, lines 401-407:
//# run
Error: Function execution failed with VMError: {
    major_status: ARITHMETIC_ERROR,
    sub_status: None,
    location: 0x22::m,
    indices: [],
    offsets: [(FunctionDefinitionIndex(0), 1)],
    message: "Cannot cast u128(18446744073709551647) to u64",
}

task 34, lines 409-415:
//# run
Error: Function execution failed with VMError: {
    major_status: ARITHMETIC_ERROR,
    sub_status: None,
    location: 0x23::m,
    indices: [],
    offsets: [(FunctionDefinitionIndex(0), 1)],
    message: "Cannot cast u128(340282366920938463463374607431768211455) to u64",
}
