---
source: crates/move-transactional-test-runner/src/framework.rs
---
processed 12 tasks

task 1, lines 7-15:
//# publish
Error: Unable to publish module '0000000000000000000000000000000000000000000000000000000000000002::M2'. Got VMError: {
    major_status: CONSTRAINT_NOT_SATISFIED,
    sub_status: None,
    location: 0x2::M2,
    indices: [(FieldDefinition, 0), (StructDefinition, 1)],
    offsets: [],
    message: "expected type with abilities [Copy, Drop, Store, Key, ] got type actual StructInstantiation(DatatypeHandleIndex(2), [Struct(DatatypeHandleIndex(3)), Struct(DatatypeHandleIndex(3))]) with incompatible abilities []",
}

task 2, lines 17-34:
//# publish
Error: Unable to publish module '0000000000000000000000000000000000000000000000000000000000000003::M3'. Got VMError: {
    major_status: CONSTRAINT_NOT_SATISFIED,
    sub_status: None,
    location: 0x3::M3,
    indices: [(FieldDefinition, 0), (StructDefinition, 5)],
    offsets: [],
    message: "expected type with abilities [Drop, ] got type actual StructInstantiation(DatatypeHandleIndex(0), [Struct(DatatypeHandleIndex(6)), Struct(DatatypeHandleIndex(6))]) with incompatible abilities []",
}

task 3, lines 36-46:
//# publish
Error: Unable to publish module '0000000000000000000000000000000000000000000000000000000000000004::M4'. Got VMError: {
    major_status: CONSTRAINT_NOT_SATISFIED,
    sub_status: None,
    location: 0x4::M4,
    indices: [(Signature, 0), (FunctionDefinition, 1)],
    offsets: [],
    message: "expected type with abilities [Copy, Drop, Store, Key, ] got type actual StructInstantiation(DatatypeHandleIndex(0), [Struct(DatatypeHandleIndex(1)), Struct(DatatypeHandleIndex(1))]) with incompatible abilities [] at offset 0 ",
}

task 5, lines 60-75:
//# publish
Error: Unable to publish module '0000000000000000000000000000000000000000000000000000000000000006::M5'. Got VMError: {
    major_status: CONSTRAINT_NOT_SATISFIED,
    sub_status: None,
    location: 0x6::M5,
    indices: [(Signature, 0), (FunctionDefinition, 1)],
    offsets: [],
    message: "expected type with abilities [Drop, ] got type actual StructInstantiation(DatatypeHandleIndex(0), [Struct(DatatypeHandleIndex(1)), Struct(DatatypeHandleIndex(1))]) with incompatible abilities [] at offset 0 ",
}

task 7, lines 83-91:
//# publish
Error: Unable to publish module '0000000000000000000000000000000000000000000000000000000000000008::M2'. Got VMError: {
    major_status: CONSTRAINT_NOT_SATISFIED,
    sub_status: None,
    location: 0x8::M2,
    indices: [(FieldDefinition, 0), (VariantTag, 0), (EnumDefinition, 1)],
    offsets: [],
    message: "expected type with abilities [Copy, Drop, Store, Key, ] got type actual StructInstantiation(DatatypeHandleIndex(2), [Struct(DatatypeHandleIndex(3)), Struct(DatatypeHandleIndex(3))]) with incompatible abilities []",
}

task 8, lines 93-112:
//# publish
Error: Unable to publish module '0000000000000000000000000000000000000000000000000000000000000009::M3'. Got VMError: {
    major_status: CONSTRAINT_NOT_SATISFIED,
    sub_status: None,
    location: 0x9::M3,
    indices: [(FieldDefinition, 0), (VariantTag, 0), (EnumDefinition, 5)],
    offsets: [],
    message: "expected type with abilities [Drop, ] got type actual StructInstantiation(DatatypeHandleIndex(0), [Struct(DatatypeHandleIndex(6)), Struct(DatatypeHandleIndex(6))]) with incompatible abilities []",
}

task 9, lines 114-124:
//# publish
Error: Unable to publish module '0000000000000000000000000000000000000000000000000000000000000010::M4'. Got VMError: {
    major_status: CONSTRAINT_NOT_SATISFIED,
    sub_status: None,
    location: 0x10::M4,
    indices: [(Signature, 0), (FunctionDefinition, 1)],
    offsets: [],
    message: "expected type with abilities [Copy, Drop, Store, Key, ] got type actual StructInstantiation(DatatypeHandleIndex(0), [Struct(DatatypeHandleIndex(1)), Struct(DatatypeHandleIndex(1))]) with incompatible abilities [] at offset 0 ",
}

task 11, lines 138-153:
//# publish
Error: Unable to publish module '0000000000000000000000000000000000000000000000000000000000000012::M5'. Got VMError: {
    major_status: CONSTRAINT_NOT_SATISFIED,
    sub_status: None,
    location: 0x12::M5,
    indices: [(Signature, 0), (FunctionDefinition, 1)],
    offsets: [],
    message: "expected type with abilities [Drop, ] got type actual StructInstantiation(DatatypeHandleIndex(0), [Struct(DatatypeHandleIndex(1)), Struct(DatatypeHandleIndex(1))]) with incompatible abilities [] at offset 0 ",
}
