---
source: crates/move-transactional-test-runner/src/framework.rs
---
processed 5 tasks

task 4, line 15:
//# run 0x42::N::make --linkage 0x42=>0x2 
Error: Function execution failed with VMError: {
    major_status: ABORTED,
    sub_status: Some(0),
    location: 0x42::N,
    indices: [],
    offsets: [(FunctionDefinitionIndex(0), 1)],
    message: "0000000000000000000000000000000000000000000000000000000000000042::N::make at offset 1",
}
