---
source: crates/move-transactional-test-runner/src/framework.rs
---
processed 1 task

task 0, lines 1-10:
//# publish-and-call --call 0x42::m::a --call 0x42::m::d
Error: Function execution failed with VMError: {
    major_status: VTABLE_KEY_LOOKUP_ERROR,
    sub_status: None,
    location: undefined,
    indices: [],
    offsets: [],
    message: "Could not find function 0000000000000000000000000000000000000000000000000000000000000042::m::d",
}
