---
source: crates/move-transactional-test-runner/src/framework.rs
---
processed 1 task

task 0, lines 1-10:
//# publish-and-call --call 0x42::m::a 0 0 0 --call 0x42::m::b vector[1,2,3] --call 0x42::m::a 0 1 3 --call 0x42::m::b vector[1,2,3]
return values: 0
return values: 10
return values: 4
return values: 10
