---
source: crates/sui-swarm-config/tests/snapshot_tests.rs
expression: genesis.sui_system_object().into_genesis_version_for_tooling()
---
epoch: 0
protocol_version: 76
system_state_version: 1
validators:
  total_stake: 20000000000000000
  active_validators:
    - metadata:
        sui_address: "0x60307f36c284875bf298d4d85a673046648b1ac4b47e712e42ab10d57dd77a26"
        protocol_pubkey_bytes:
          - 153
          - 242
          - 94
          - 246
          - 31
          - 128
          - 50
          - 185
          - 20
          - 99
          - 100
          - 96
          - 152
          - 44
          - 92
          - 198
          - 241
          - 52
          - 239
          - 29
          - 218
          - 231
          - 102
          - 87
          - 242
          - 203
          - 254
          - 193
          - 235
          - 252
          - 141
          - 9
          - 115
          - 116
          - 8
          - 13
          - 246
          - 252
          - 240
          - 220
          - 184
          - 188
          - 75
          - 13
          - 142
          - 10
          - 245
          - 216
          - 14
          - 187
          - 255
          - 43
          - 76
          - 89
          - 159
          - 84
          - 244
          - 45
          - 99
          - 18
          - 223
          - 195
          - 20
          - 39
          - 96
          - 120
          - 193
          - 204
          - 52
          - 126
          - 187
          - 190
          - 197
          - 25
          - 139
          - 226
          - 88
          - 81
          - 63
          - 56
          - 107
          - 147
          - 13
          - 2
          - 194
          - 116
          - 154
          - 128
          - 62
          - 35
          - 48
          - 149
          - 94
          - 189
          - 26
          - 16
        network_pubkey_bytes:
          - 148
          - 228
          - 168
          - 73
          - 49
          - 68
          - 233
          - 230
          - 150
          - 32
          - 140
          - 190
          - 208
          - 2
          - 89
          - 230
          - 221
          - 181
          - 111
          - 151
          - 155
          - 145
          - 195
          - 41
          - 103
          - 86
          - 9
          - 133
          - 190
          - 97
          - 144
          - 155
        worker_pubkey_bytes:
          - 31
          - 42
          - 121
          - 1
          - 168
          - 66
          - 228
          - 211
          - 98
          - 59
          - 198
          - 28
          - 225
          - 193
          - 113
          - 125
          - 46
          - 118
          - 142
          - 15
          - 215
          - 45
          - 248
          - 52
          - 26
          - 245
          - 102
          - 21
          - 185
          - 22
          - 240
          - 56
        proof_of_possession_bytes:
          - 151
          - 191
          - 31
          - 245
          - 62
          - 131
          - 184
          - 23
          - 162
          - 33
          - 124
          - 71
          - 229
          - 10
          - 56
          - 179
          - 47
          - 67
          - 223
          - 65
          - 196
          - 125
          - 67
          - 111
          - 55
          - 104
          - 114
          - 157
          - 166
          - 146
          - 6
          - 104
          - 90
          - 214
          - 33
          - 36
          - 63
          - 93
          - 228
          - 221
          - 166
          - 7
          - 164
          - 61
          - 169
          - 219
          - 78
          - 19
        name: "0"
        description: ""
        image_url: ""
        project_url: ""
        net_address: /ip4/127.0.0.1/tcp/80
        p2p_address: /ip4/127.0.0.1/udp/80
        primary_address: /ip4/127.0.0.1/udp/80
        worker_address: /ip4/127.0.0.1/udp/80
        next_epoch_protocol_pubkey_bytes: ~
        next_epoch_proof_of_possession: ~
        next_epoch_network_pubkey_bytes: ~
        next_epoch_worker_pubkey_bytes: ~
        next_epoch_net_address: ~
        next_epoch_p2p_address: ~
        next_epoch_primary_address: ~
        next_epoch_worker_address: ~
        extra_fields:
          id:
            id: "0xfbc66761ecf533bf49976257c3a7a73df702bcb74bca68cff29ed3654aa253ee"
          size: 0
      voting_power: 10000
      operation_cap_id: "0x4ea8c7e54ff773b09caa5f5ee9d299750c2c7d9415edcf0a76ab7cab5e1687ae"
      gas_price: 1000
      staking_pool:
        id: "0x509cba75e0bd7dc2bd7183dbf731d4f704c7f6d4b07323f723e31ad1231ea4ac"
        activation_epoch: 0
        deactivation_epoch: ~
        sui_balance: 20000000000000000
        rewards_pool:
          value: 0
        pool_token_balance: 20000000000000000
        exchange_rates:
          id: "0xbd714ff50b7c26029ffede3a3d319035e51f9a068b912d0a7ed1f3adcd1792bd"
          size: 1
        pending_stake: 0
        pending_total_sui_withdraw: 0
        pending_pool_token_withdraw: 0
        extra_fields:
          id:
            id: "0xfa7b5626df86afe793d2f3594776b7dcef30a299fafa9d691cdbe5a281a6bc02"
          size: 0
      commission_rate: 200
      next_epoch_stake: 20000000000000000
      next_epoch_gas_price: 1000
      next_epoch_commission_rate: 200
      extra_fields:
        id:
          id: "0x2ec475193b06c3cf9463998dc5d314ae2e5ab422e389bda6315afb4633cc5464"
        size: 0
  pending_active_validators:
    contents:
      id: "0x6a533ee971df19eb82f59e2f6ed6752a0e694c7e49f398193056b30c2dede4da"
      size: 0
  pending_removals: []
  staking_pool_mappings:
    id: "0x4bb65144da3bad311a1c6731149d6d44275f8fbaa1f55b44cad676be4f3c7b45"
    size: 1
  inactive_validators:
    id: "0x10f7df5eab007a95baed107d2d9ce9b01817f2110a95a87ea81fbaee6a781a9f"
    size: 0
  validator_candidates:
    id: "0xad0024d42975862931f1ceed3220766632924d017136122a294a8ff552c6eb6e"
    size: 0
  at_risk_validators:
    contents: []
  extra_fields:
    id:
      id: "0x716df94174cc205f3b9fdbd5f756e3457a95f7c83f0e7e577aeefbce5c5e9661"
    size: 0
storage_fund:
  total_object_storage_rebates:
    value: 0
  non_refundable_balance:
    value: 0
parameters:
  epoch_duration_ms: 86400000
  stake_subsidy_start_epoch: 0
  max_validator_count: 150
  min_validator_joining_stake: 30000000000000000
  validator_low_stake_threshold: 20000000000000000
  validator_very_low_stake_threshold: 15000000000000000
  validator_low_stake_grace_period: 7
  extra_fields:
    id:
      id: "0xe63c4f6f34480af9081c2138b8578462aa46237fd2766e4a10ced32d8f35de11"
    size: 0
reference_gas_price: 1000
validator_report_records:
  contents: []
stake_subsidy:
  balance:
    value: 9230000000000000000
  distribution_counter: 0
  current_distribution_amount: 1000000000000000
  stake_subsidy_period_length: 10
  stake_subsidy_decrease_rate: 1000
  extra_fields:
    id:
      id: "0xb44969eac6b234d4e436fc607aa22d7bdc4276d9fe22c20e5d4cbe8884d76cca"
    size: 0
safe_mode: false
safe_mode_storage_rewards:
  value: 0
safe_mode_computation_rewards:
  value: 0
safe_mode_storage_rebates: 0
safe_mode_non_refundable_storage_fee: 0
epoch_start_timestamp_ms: 10
extra_fields:
  id:
    id: "0x7d45dd0ddecf7817735c7f3c57d6f9ad01f91e9ec710e35ff04195267017c49a"
  size: 0
