---
source: crates/move-transactional-test-runner/src/framework.rs
---
processed 1 task

task 0, lines 1-10:
//# run
Error: Function execution failed with VMError: {
    major_status: ABORTED,
    sub_status: Some(0),
    location: 0x42::m,
    indices: [],
    offsets: [(FunctionDefinitionIndex(0), 1)],
    message: "0000000000000000000000000000000000000000000000000000000000000042::m::foo at offset 1",
}
