---
source: crates/move-transactional-test-runner/src/framework.rs
---
processed 3 tasks

task 1, lines 21-30:
//# run
Error: Function execution failed with VMError: {
    major_status: ABORTED,
    sub_status: Some(0),
    location: 0x1::M,
    indices: [],
    offsets: [(FunctionDefinitionIndex(0), 1)],
    message: "0000000000000000000000000000000000000000000000000000000000000001::M::foo at offset 1",
}

task 2, lines 32-41:
//# run
Error: Function execution failed with VMError: {
    major_status: ABORTED,
    sub_status: Some(0),
    location: 0x1::M,
    indices: [],
    offsets: [(FunctionDefinitionIndex(1), 1)],
    message: "0000000000000000000000000000000000000000000000000000000000000001::M::bar at offset 1",
}
