---
source: crates/move-transactional-test-runner/src/framework.rs
---
processed 1 task

task 0, lines 1-15:
//# publish
Error: Unable to publish module '0000000000000000000000000000000000000000000000000000000000000042::M'. Got VMError: {
    major_status: CONSTRAINT_NOT_SATISFIED,
    sub_status: None,
    location: 0x42::M,
    indices: [(Signature, 0), (FunctionDefinition, 1)],
    offsets: [],
    message: "expected type with abilities [Store, ] got type actual StructInstantiation(DatatypeHandleIndex(0), [Signer]) with incompatible abilities [] at offset 0 ",
}
