---
source: crates/move-transactional-test-runner/src/framework.rs
---
processed 6 tasks

task 0, lines 1-10:
//# publish
Error: Unable to publish module '0000000000000000000000000000000000000000000000000000000000000042::M1'. Got VMError: {
    major_status: CONSTRAINT_NOT_SATISFIED,
    sub_status: None,
    location: 0x42::M1,
    indices: [(Signature, 0), (FunctionHandle, 0)],
    offsets: [],
    message: "expected type with abilities [Copy, ] got type actual TypeParameter(0) with incompatible abilities []",
}

task 1, lines 12-21:
//# publish
Error: Unable to publish module '0000000000000000000000000000000000000000000000000000000000000042::M2'. Got VMError: {
    major_status: CONSTRAINT_NOT_SATISFIED,
    sub_status: None,
    location: 0x42::M2,
    indices: [(Signature, 0), (FunctionHandle, 0)],
    offsets: [],
    message: "expected type with abilities [Copy, ] got type actual TypeParameter(0) with incompatible abilities []",
}

task 2, lines 23-32:
//# publish
Error: Unable to publish module '0000000000000000000000000000000000000000000000000000000000000042::M3'. Got VMError: {
    major_status: CONSTRAINT_NOT_SATISFIED,
    sub_status: None,
    location: 0x42::M3,
    indices: [(Signature, 0), (FunctionHandle, 0)],
    offsets: [],
    message: "expected type with abilities [Copy, ] got type actual TypeParameter(0) with incompatible abilities []",
}

task 3, lines 34-43:
//# publish
Error: Unable to publish module '0000000000000000000000000000000000000000000000000000000000000043::M1'. Got VMError: {
    major_status: CONSTRAINT_NOT_SATISFIED,
    sub_status: None,
    location: 0x43::M1,
    indices: [(Signature, 0), (FunctionHandle, 0)],
    offsets: [],
    message: "expected type with abilities [Copy, ] got type actual TypeParameter(0) with incompatible abilities []",
}

task 4, lines 45-54:
//# publish
Error: Unable to publish module '0000000000000000000000000000000000000000000000000000000000000043::M2'. Got VMError: {
    major_status: CONSTRAINT_NOT_SATISFIED,
    sub_status: None,
    location: 0x43::M2,
    indices: [(Signature, 0), (FunctionHandle, 0)],
    offsets: [],
    message: "expected type with abilities [Copy, ] got type actual TypeParameter(0) with incompatible abilities []",
}

task 5, lines 56-65:
//# publish
Error: Unable to publish module '0000000000000000000000000000000000000000000000000000000000000043::M3'. Got VMError: {
    major_status: CONSTRAINT_NOT_SATISFIED,
    sub_status: None,
    location: 0x43::M3,
    indices: [(Signature, 0), (FunctionHandle, 0)],
    offsets: [],
    message: "expected type with abilities [Copy, ] got type actual TypeParameter(0) with incompatible abilities []",
}
