---
source: crates/move-transactional-test-runner/src/framework.rs
---
processed 3 tasks

task 0, lines 1-8:
//# run --signers 0x1
Error: Function execution failed with VMError: {
    major_status: NUMBER_OF_ARGUMENTS_MISMATCH,
    sub_status: None,
    location: undefined,
    indices: [],
    offsets: [],
    message: "argument length mismatch: expected 2 got 1",
}

task 1, lines 10-17:
//# run --signers 0x1 --args 0
Error: Function execution failed with VMError: {
    major_status: NUMBER_OF_ARGUMENTS_MISMATCH,
    sub_status: None,
    location: undefined,
    indices: [],
    offsets: [],
    message: "argument length mismatch: expected 3 got 2",
}
