---
source: crates/move-transactional-test-runner/src/framework.rs
---
processed 3 tasks

task 1, lines 15-22:
//# run --args 0 0 0
Error: Function execution failed with VMError: {
    major_status: ABORTED,
    sub_status: Some(0),
    location: 0x43::m,
    indices: [],
    offsets: [(FunctionDefinitionIndex(0), 1)],
    message: "0000000000000000000000000000000000000000000000000000000000000043::m::foo at offset 1",
}

task 2, line 24:
//# run 0x42::M::foo --args 0 0 0
Error: Function execution failed with VMError: {
    major_status: ABORTED,
    sub_status: Some(0),
    location: 0x42::M,
    indices: [],
    offsets: [(FunctionDefinitionIndex(0), 1)],
    message: "0000000000000000000000000000000000000000000000000000000000000042::M::foo at offset 1",
}
