---
source: crates/move-transactional-test-runner/src/framework.rs
---
processed 9 tasks

task 1, lines 17-24:
//# run
Error: Unable to publish module '0000000000000000000000000000000000000000000000000000000000000042::m'. Got VMError: {
    major_status: CONSTRAINT_NOT_SATISFIED,
    sub_status: None,
    location: 0x42::m,
    indices: [(Signature, 0), (FunctionHandle, 0)],
    offsets: [],
    message: "expected type with abilities [Copy, ] got type actual TypeParameter(0) with incompatible abilities [Drop, ]",
}

task 2, lines 26-33:
//# run
Error: Unable to publish module '0000000000000000000000000000000000000000000000000000000000000042::m'. Got VMError: {
    major_status: CONSTRAINT_NOT_SATISFIED,
    sub_status: None,
    location: 0x42::m,
    indices: [(Signature, 0), (FunctionHandle, 0)],
    offsets: [],
    message: "expected type with abilities [Drop, ] got type actual TypeParameter(0) with incompatible abilities [Copy, Store, ]",
}

task 3, lines 35-42:
//# run
Error: Unable to publish module '0000000000000000000000000000000000000000000000000000000000000042::m'. Got VMError: {
    major_status: CONSTRAINT_NOT_SATISFIED,
    sub_status: None,
    location: 0x42::m,
    indices: [(Signature, 0), (FunctionHandle, 0)],
    offsets: [],
    message: "expected type with abilities [Store, ] got type actual TypeParameter(0) with incompatible abilities [Key, ]",
}

task 4, lines 44-51:
//# run
Error: Unable to publish module '0000000000000000000000000000000000000000000000000000000000000042::m'. Got VMError: {
    major_status: CONSTRAINT_NOT_SATISFIED,
    sub_status: None,
    location: 0x42::m,
    indices: [(Signature, 0), (FunctionHandle, 0)],
    offsets: [],
    message: "expected type with abilities [Key, ] got type actual TypeParameter(0) with incompatible abilities []",
}

task 5, lines 53-60:
//# run
Error: Unable to publish module '0000000000000000000000000000000000000000000000000000000000000042::m'. Got VMError: {
    major_status: CONSTRAINT_NOT_SATISFIED,
    sub_status: None,
    location: 0x42::m,
    indices: [(Signature, 0), (FunctionHandle, 0)],
    offsets: [],
    message: "expected type with abilities [Copy, ] got type actual StructInstantiation(DatatypeHandleIndex(1), [TypeParameter(0)]) with incompatible abilities []",
}

task 6, lines 62-69:
//# run
Error: Unable to publish module '0000000000000000000000000000000000000000000000000000000000000042::m'. Got VMError: {
    major_status: CONSTRAINT_NOT_SATISFIED,
    sub_status: None,
    location: 0x42::m,
    indices: [(Signature, 0), (FunctionHandle, 0)],
    offsets: [],
    message: "expected type with abilities [Drop, ] got type actual StructInstantiation(DatatypeHandleIndex(1), [TypeParameter(0)]) with incompatible abilities []",
}

task 7, lines 71-78:
//# run
Error: Unable to publish module '0000000000000000000000000000000000000000000000000000000000000042::m'. Got VMError: {
    major_status: CONSTRAINT_NOT_SATISFIED,
    sub_status: None,
    location: 0x42::m,
    indices: [(Signature, 0), (FunctionHandle, 0)],
    offsets: [],
    message: "expected type with abilities [Store, ] got type actual StructInstantiation(DatatypeHandleIndex(1), [TypeParameter(0)]) with incompatible abilities []",
}

task 8, lines 80-87:
//# run
Error: Unable to publish module '0000000000000000000000000000000000000000000000000000000000000042::m'. Got VMError: {
    major_status: CONSTRAINT_NOT_SATISFIED,
    sub_status: None,
    location: 0x42::m,
    indices: [(Signature, 0), (FunctionHandle, 0)],
    offsets: [],
    message: "expected type with abilities [Key, ] got type actual StructInstantiation(DatatypeHandleIndex(1), [TypeParameter(0)]) with incompatible abilities []",
}
