---
source: crates/move-transactional-test-runner/src/framework.rs
---
processed 1 task

task 0, lines 1-12:
//# publish
Error: Unable to publish module '0000000000000000000000000000000000000000000000000000000000000001::M'. Got VMError: {
    major_status: CONSTRAINT_NOT_SATISFIED,
    sub_status: None,
    location: 0x1::M,
    indices: [(Signature, 1), (FunctionDefinition, 0)],
    offsets: [],
    message: "expected type with abilities [Copy, Drop, ] got type actual Struct(DatatypeHandleIndex(1)) with incompatible abilities []",
}
